
> magenta-mass@0.0.1 build
> astro build

19:12:34 [content] Syncing content
19:12:34 [WARN] [glob-loader] The base directory "E:\Faizan Manshad Portfolio\src\content\development\" does not exist.
19:12:34 [content] Synced content
19:12:34 [types] Generated 473ms
19:12:34 [build] output: "static"
19:12:34 [build] mode: "static"
19:12:34 [build] directory: E:\Faizan Manshad Portfolio\dist\
19:12:34 [build] Collecting build info...
19:12:34 [build] ✓ Completed in 493ms.
19:12:34 [build] Building static entrypoints...
19:12:34 [vite] ✓ built in 307ms
19:12:35 [WARN] [vite] [plugin builtin:vite-reporter] 
(!) Some chunks are larger than 500 kB after minification. Consider:
- Using dynamic import() to code-split the application
- Use build.rolldownOptions.output.codeSplitting to improve chunking: https://rolldown.rs/reference/OutputOptions.codeSplitting
- Adjust chunk size limit for this warning via build.chunkSizeWarningLimit.
19:12:35 [vite] ✓ built in 343ms
19:12:35 [build] Rearranging server assets...

 generating static routes 
19:12:35   ├─ /404.html (+18ms) 
19:12:35   ├─ /about/index.html (+12ms) 
19:12:35   ├─ /academic/index.html (+6ms) 
19:12:35   ├─ /contact/index.html (+6ms) 
19:12:35   ├─ /education/bs-civil-engineering/index.html (+5ms) 
19:12:35   ├─ /education/hssc/index.html (+2ms) 
19:12:35   ├─ /education/ssc/index.html (+3ms) 
19:12:35   ├─ /experience/openspace/index.html (+3ms) 
19:12:35   ├─ /experience/urbana/index.html (+2ms) 
19:12:35   ├─ /journey/academic-resource-database/index.html (+3ms) 
19:12:35   ├─ /journey/alkhidmat-volunteer/index.html (+2ms) 
19:12:35   ├─ /journey/wed-2025/index.html (+3ms) 
19:12:35   ├─ /journey/index.html (+4ms) 
19:12:35   ├─ /projects/haroon-residency/index.html (+3ms) 
19:12:35   ├─ /projects/nust-faisal-masjid/index.html (+2ms) 
19:12:35   ├─ /projects/tahir-residency/index.html (+3ms) 
19:12:35   ├─ /projects/index.html (+3ms) 
19:12:35   ├─ /recognition/best-survey-group/index.html (+3ms) 
19:12:35   ├─ /recognition/gold-medalist/index.html (+1ms) 
19:12:35   ├─ /recognition/openhouse-job-fair/index.html (+2ms) 
19:12:35   ├─ /recognition/pm-laptop-scheme/index.html (+2ms) 
19:12:35   ├─ /recognition/truss-bridge-competition/index.html (+21ms) 
19:12:35   ├─ /recognition/index.html (+6ms) 
19:12:35   ├─ /research/bim-to-ar/index.html (+4ms) 
19:12:35   ├─ /research/index.html (+35ms) 
19:12:35   ├─ /work/index.html (+4ms) 
(node:53080) [THREE_CJS_DEPRECATED] DeprecationWarning: `require("three")` is deprecated and will be removed.
Replace `const THREE = require("three")` with `import * as THREE from "three"`.
(Use `node --trace-deprecation ...` to show where the warning was created)
19:12:35   ├─ /index.html (+602ms) 
19:12:36 ✓ Completed in 819ms.

 generating optimized images 
19:12:36   ▶ /_astro/research-cover.L3UUidaG_2oFMug.webp (reused cache entry) (+5ms) (1/3)
19:12:36   ▶ /_astro/faizan.Dn1mEmA5_1fCioI.webp (reused cache entry) (+6ms) (2/3)
19:12:36   ▶ /_astro/research-cover.L3UUidaG_12OPRY.webp (reused cache entry) (+1ms) (3/3)
19:12:36 ✓ Completed in 8ms.

19:12:36 [build] ✓ Completed in 1.72s.
19:12:36 [@astrojs/sitemap] `sitemap-index.xml` created at `dist`
19:12:36 [build] 27 page(s) built in 2.23s
19:12:36 [build] Complete!
