
> magenta-mass@0.0.1 build
> astro build

11:20:08 [vite] Re-optimizing dependencies because vite config has changed
11:20:08 [content] Syncing content
11:20:08 [WARN] [glob-loader] The base directory "E:\Faizan Manshad Portfolio\src\content\development\" does not exist.
11:20:08 [content] Synced content
11:20:08 [types] Generated 662ms
11:20:08 [build] output: "static"
11:20:08 [build] mode: "static"
11:20:08 [build] directory: E:\Faizan Manshad Portfolio\dist\
11:20:08 [build] Collecting build info...
11:20:08 [build] ✓ Completed in 680ms.
11:20:08 [build] Building static entrypoints...
11:20:09 [vite] ✓ built in 324ms
11:20:09 [vite] ✓ built in 388ms
11:20:09 [WARN] [vite] [plugin builtin:vite-reporter] 
(!) Some chunks are larger than 500 kB after minification. Consider:
- Using dynamic import() to code-split the application
- Use build.rolldownOptions.output.codeSplitting to improve chunking: https://rolldown.rs/reference/OutputOptions.codeSplitting
- Adjust chunk size limit for this warning via build.chunkSizeWarningLimit.
11:20:09 [build] Rearranging server assets...

 generating static routes 
11:20:09   ├─ /404.html (+13ms) 
11:20:09   ├─ /about/index.html (+8ms) 
11:20:09   ├─ /academic/index.html (+4ms) 
11:20:09   ├─ /contact/index.html (+2ms) 
11:20:09   ├─ /education/bs-civil-engineering/index.html (+3ms) 
11:20:09   ├─ /education/hssc/index.html (+1ms) 
11:20:09   ├─ /education/ssc/index.html (+1ms) 
11:20:09   ├─ /experience/openspace/index.html (+2ms) 
11:20:09   ├─ /experience/urbana/index.html (+1ms) 
11:20:09   ├─ /journey/academic-resource-database/index.html (+2ms) 
11:20:09   ├─ /journey/alkhidmat-volunteer/index.html (+1ms) 
11:20:09   ├─ /journey/wed-2025/index.html (+1ms) 
11:20:09   ├─ /journey/index.html (+2ms) 
11:20:09   ├─ /projects/haroon-residency/index.html (+1ms) 
11:20:09   ├─ /projects/nust-faisal-masjid/index.html (+1ms) 
11:20:09   ├─ /projects/tahir-residency/index.html (+1ms) 
11:20:09   ├─ /projects/index.html (+2ms) 
11:20:09   ├─ /recognition/best-survey-group/index.html (+1ms) 
11:20:09   ├─ /recognition/gold-medalist/index.html (+1ms) 
11:20:09   ├─ /recognition/openhouse-job-fair/index.html (+1ms) 
11:20:09   ├─ /recognition/pm-laptop-scheme/index.html (+1ms) 
11:20:09   ├─ /recognition/truss-bridge-competition/index.html (+1ms) 
11:20:09   ├─ /recognition/index.html (+3ms) 
11:20:09   ├─ /research/bim-to-ar/index.html (+2ms) 
11:20:09   ├─ /research/index.html (+2ms) 
11:20:09   ├─ /work/index.html (+2ms) 
(node:35060) [THREE_CJS_DEPRECATED] DeprecationWarning: `require("three")` is deprecated and will be removed.
Replace `const THREE = require("three")` with `import * as THREE from "three"`.
(Use `node --trace-deprecation ...` to show where the warning was created)
11:20:09   ├─ /index.html (+545ms) 
11:20:10 ✓ Completed in 663ms.

 generating optimized images 
11:20:10   ▶ /_astro/research-cover.L3UUidaG_2oFMug.webp (reused cache entry) (+2ms) (1/3)
11:20:10   ▶ /_astro/faizan.Dn1mEmA5_1fCioI.webp (reused cache entry) (+2ms) (2/3)
11:20:10   ▶ /_astro/research-cover.L3UUidaG_12OPRY.webp (reused cache entry) (+1ms) (3/3)
11:20:10 ✓ Completed in 4ms.

11:20:10 [build] ✓ Completed in 1.58s.
11:20:10 [@astrojs/sitemap] `sitemap-index.xml` created at `dist`
11:20:10 [build] 27 page(s) built in 2.28s
11:20:10 [build] Complete!
